Γ£à Connected to database

≡ƒôï Permits table columns:
  1. id
  2. permit_serial
  3. site_id
  4. created_by_user_id
  5. vendor_id
  6. permit_type
  7. work_location
  8. work_description
  9. control_measures
  10. other_hazards
  11. swms_file_url
  12. swms_text
  13. start_time
  14. end_time
  15. receiver_name
  16. receiver_contact
  17. receiver_signature_path
  18. issuer_signature
  19. issuer_signed_at
  20. area_manager_signature
  21. safety_officer_signature
  22. site_leader_signature
  23. status
  24. issue_department
  25. permit_initiator
  26. permit_initiator_contact
  27. area_manager_id
  28. safety_officer_id
  29. site_leader_id
  30. created_at
  31. updated_at
  32. rejection_reason
  33. area_manager_status
  34. area_manager_approved_at
  35. safety_officer_status
  36. safety_officer_approved_at
  37. site_leader_status
  38. site_leader_approved_at
  39. final_submitted_at
  40. final_submitted_by_user_id
  41. started_at
  42. started_by_user_id
  43. closure_signature
  44. closed_at
  45. closed_by_user_id

≡ƒôè Total columns: 45

≡ƒº¬ Testing minimal INSERT...
Γ£à Test INSERT successful! ID: 87
≡ƒº╣ Test data cleaned up
